class Student {

public:
  int count;
  QString foo;
  
private:
  QString name;
  int rollNo;

protected:
  int bar;

};
