#pragma once

namespace SFoo {
namespace SBar {
struct Uno;
}
}

struct Neo;

namespace Foo {
namespace Bar {
class FooBar;
}
}

class Foo;

namespace Foo {

class Something
{
};

} // namespace Foo
