#ifndef INCLUDE_H
#define INCLUDE_H

#include "constants.h"

#include <bar.h>

class Foo {

};

#endif // INCLUDE_H
