#include "include.h"

#include "foo.h"

#include "folder/foo.h"
#include "folder/bar.h"
#include "folder/foobar.h"

#include <QString>
#include <QPushButton>

#include <nlohmann/json.hpp>

#include <memory>

int main(int argc, char *argv[])
{
    return 0;
}
