// Some comments

#pragma once

#include <bar.h>

class Foo {

};
