void foo() {
    somewidget->setFillColor(Qt::black);
    somewidget->setFillColor(Qt::black);
    somewidget->setFillColor(Qt::white);
    somewidget->setFillColor(QColor(216, 216, 216));
    somewidget->setFillColor(QColor(192, 192, 192));
    somewidget->setFillColor(QColor(144, 144, 144));
    somewidget->setFillColor(QColor(96, 96, 96));
    somewidget->setFillColor(QColor(216, 216, 216));
    somewidget->setFillColor(QColor(192, 192, 192));
    somewidget->setFillColor(QColor(144, 144, 144));
    somewidget->setFillColor(QColor(96, 96, 96));
    somewidget->setFillColor(Qt::red);
    somewidget->setFillColor(Qt::green);
    somewidget->setFillColor(Qt::blue);
    somewidget->setFillColor(Qt::yellow);
    somewidget->setFillColor(Qt::magenta);
    somewidget->setFillColor(Qt::cyan);
    somewidget->setFillColor(Qt::yellow);
    somewidget->setFillColor(QColor(0, 128, 112));
    somewidget->setFillColor(QColor(254, 255, 177));
    somewidget->setFillColor(QColor(0, 160, 0));
    somewidget->setFillColor(QColor(0, 128, 160));
    somewidget->setFillColor(QColor(0, 0, 160));
    somewidget->setFillColor(QColor(96, 54, 0));
    somewidget->setFillColor(QColor(133, 0, 182));
    somewidget->setFillColor(Qt::transparent);
}
