void foo()
{
    QFrame *containerOS_widgetMpeg = new QFrame(ABW_HCaScript);
    nargs = 0;
    containerOS_widgetMpeg->move(pos);
    containerOS_widgetMpeg->resize(&taille);
}

void bar()
{
    Photon::Widget bouton[5];
    for (int i = 0; i < 5; ++i) {
        bouton[i] = new KDAB_FIX_UNKNOWN_CLASS_BoutonDS(ABW_HCaScript);
        nargs = 0;
        bouton[i]->move(position);
        bouton[i]->resize(&taille);
        bouton[i]->setMarginHeight(0);
        bouton[i]->setMarginWidth(0);
        bouton[i]->setBevelWidth(0);
    }
}
