void bah() {
    Photon::Widget *containerOS_widgetMpeg;
    containerOS_widgetMpeg->show();
}
