#include "myobject.h"

#include <iostream>


MyObject::MyObject(const std::string& message)
    : m_message(message)
{}

MyObject::~MyObject()
{}


void MyObject::sayMessage(const std::string& test) {
    std::cout << test << std::endl;
}
