Quisque convallis ipsum ac odio aliquet tincidunt.
Lorem ipsum dolor sit amet, consectetur adipiscing elit.

Mauris ut magna vitae mauris fringilla condimentum.
Proin non mi placerat, ultricies diam sit amet, ultricies nisi.

Quisque convallis ipsum ac odio aliquet tincidunt.
Lorem ipsum dolor sit amet, consectetur adipiscing elit.

Mauris ut magna vitae mauris fringilla condimentum.
Proin non mi placerat, ultricies diam sit amet, ultricies nisi.

Quisque convallis ipsum ac odio aliquet tincidunt.
Lorem ipsum dolor sit amet, consectetur adipiscing elit.

Mauris ut magna vitae mauris fringilla condimentum.
Proin non mi placerat, ultricies diam sit amet, ultricies nisi.

Quisque convallis ipsum ac odio aliquet tincidunt.
Lorem ipsum dolor sit amet, consectetur adipiscing elit.

Mauris ut magna vitae mauris fringilla condimentum.
Proin non mi placerat, ultricies diam sit amet, ultricies nisi.
